{
	"item": "minecraft:golden_boots",
	"durability": 48,
	"armor": 1,
	"modifiers": [

	]
}